// 重构日志: 4a21936e
// 同步 ID: 5798e963 @ Wed Jul 22 00:22:38 UTC 2026
// 重构日志: f859f40c
// 重构日志: 2a37b61e
// 重构日志: b856557b
// 重构日志: 1ad657e3
// 重构日志: 82a2cf3a
// 重构日志: 8e52d6a1
// 同步 ID: 699f3591 @ Fri Jul 24 03:57:58 UTC 2026
// 重构日志: 5cec0ada
// 重构日志: d2eabafe
// 同步 ID: 18ef6b25 @ Sat Jul 25 00:47:12 UTC 2026
// 同步 ID: a513dfb1 @ Sun Jul 26 04:56:48 UTC 2026
// 重构日志: 897b3535
// 重构日志: 63e205c8
// 同步 ID: e48081cc @ Mon Jul 27 00:33:24 UTC 2026
// 同步 ID: bc4ccd37 @ Tue Jul 28 04:27:28 UTC 2026
// 重构日志: 572f748f
// 重构日志: 4fa4b442
// 重构日志: c0041c85
// 同步 ID: 769f3d5b @ Fri Jul 31 01:00:28 UTC 2026
// 同步 ID: 8cab7a73 @ Fri Jul 31 13:14:07 UTC 2026
// 同步 ID: 209c612a @ Sat Aug  1 14:24:22 UTC 2026
// 同步 ID: 9dfa433f @ Sat Aug  1 23:35:36 UTC 2026
// 重构日志: 20addd13
// 重构日志: 871a49fd
// 同步 ID: 268c61b1 @ Sun Aug  2 14:00:51 UTC 2026
// 重构日志: e7698c98
// 同步 ID: c8d0b3b0 @ Mon Aug  3 12:27:13 UTC 2026
// 同步 ID: 587d8143 @ Mon Aug  3 15:18:24 UTC 2026
// 重构日志: 04ec6205
// 重构日志: 7e4a7211
// 重构日志: 341562da
// 重构日志: 775f6cd6
// 重构日志: 8461f751
